// Jest Snapshot v1, https://goo.gl/fbAQLP

exports[`Stars component renders correctly with the default values 1`] = `
<fieldset
  className=""
>
  <span
    className="Star"
  >
    <input
      checked={false}
      className="Star__radio"
      disabled={false}
      id="rating-some-random-id-stars-1"
      name="stars-rating-some-random-id"
      onChange={[Function]}
      type="radio"
      value={1}
    />
    <label
      className="Star__label"
      htmlFor="rating-some-random-id-stars-1"
    />
  </span>
  <span
    className="Star"
  >
    <input
      checked={false}
      className="Star__radio"
      disabled={false}
      id="rating-some-random-id-stars-2"
      name="stars-rating-some-random-id"
      onChange={[Function]}
      type="radio"
      value={2}
    />
    <label
      className="Star__label"
      htmlFor="rating-some-random-id-stars-2"
    />
  </span>
  <span
    className="Star"
  >
    <input
      checked={false}
      className="Star__radio"
      disabled={false}
      id="rating-some-random-id-stars-3"
      name="stars-rating-some-random-id"
      onChange={[Function]}
      type="radio"
      value={3}
    />
    <label
      className="Star__label"
      htmlFor="rating-some-random-id-stars-3"
    />
  </span>
  <span
    className="Star"
  >
    <input
      checked={false}
      className="Star__radio"
      disabled={false}
      id="rating-some-random-id-stars-4"
      name="stars-rating-some-random-id"
      onChange={[Function]}
      type="radio"
      value={4}
    />
    <label
      className="Star__label"
      htmlFor="rating-some-random-id-stars-4"
    />
  </span>
  <span
    className="Star"
  >
    <input
      checked={false}
      className="Star__radio"
      disabled={false}
      id="rating-some-random-id-stars-5"
      name="stars-rating-some-random-id"
      onChange={[Function]}
      type="radio"
      value={5}
    />
    <label
      className="Star__label"
      htmlFor="rating-some-random-id-stars-5"
    />
  </span>
</fieldset>
`;
